// Vitest Snapshot v1, https://vitest.dev/guide/snapshot.html

exports[`emojify > should emojify some simple text 1`] = `"he 💁‍♂️  see 👀  carrot 🥕  tree 🌲  house 🏘️  is nice relieve 😮‍💨  relief 😅 "`;

exports[`emojify > should emojify some simple text with multimoji 1`] = `"he 💁‍♂️  see 👀👁️  carrot 🥕  tree 🌲🌳🌴🍃🎄  house 🏘️🏚️🏠🏡🚪🛖🪴  is nice relieve 😮‍💨😅  relief 😅😮‍💨 "`;

exports[`emojify > should emojify some simple text with replace mode 1`] = `"💁‍♂️ 👀 🥕 🌲 🏘️ is nice 😮‍💨 😅"`;

exports[`emojify > should emojify some simple text with triple mode 1`] = `"he 💁‍♂️💁‍♂️💁‍♂️  see 👀👀👀  carrot 🥕🥕🥕  tree 🌲🌲🌲  house 🏘️🏘️🏘️  is nice relieve 😮‍💨😮‍💨😮‍💨  relief 😅😅😅 "`;
